// Jest Snapshot v1, https://goo.gl/fbAQLP

exports[`TypeaheadSelectInput component should render correctly 1`] = `
<div
  style={
    Object {
      "position": "relative",
      "width": "17em",
    }
  }
>
  <StateManager
    aria-label="Enter some data"
    components={
      Object {
        "Option": [Function],
        "SingleValue": [Function],
      }
    }
    defaultInputValue=""
    defaultMenuIsOpen={false}
    defaultValue={null}
    getOptionLabel={[Function]}
    getOptionValue={[Function]}
    menuPortalTarget={<body />}
    onChange={[Function]}
    options={
      Array [
        Object {
          "value": Object {
            "name": "Option 1",
          },
        },
        Object {
          "value": Object {
            "name": "Option 2",
          },
        },
        Object {
          "value": Object {
            "name": "Option 3",
          },
        },
      ]
    }
    placeholder="Enter some data"
    styles={
      Object {
        "menuPortal": [Function],
        "singleValue": [Function],
      }
    }
  />
</div>
`;
