// Jest Snapshot v1, https://goo.gl/fbAQLP

exports[`WeekPicker component should render correctly 1`] = `
<div
  className="week-picker-container"
>
  <Button
    aria-label="Previous Week"
    onClick={[Function]}
    variant="plain"
  >
    <svg
      aria-hidden="true"
      fill="currentColor"
      height="1em"
      role="img"
      style={
        Object {
          "verticalAlign": "-0.125em",
        }
      }
      viewBox="0 0 256 512"
      width="1em"
    >
      <path
        d="M31.7 239l136-136c9.4-9.4 24.6-9.4 33.9 0l22.6 22.6c9.4 9.4 9.4 24.6 0 33.9L127.9 256l96.4 96.4c9.4 9.4 9.4 24.6 0 33.9L201.7 409c-9.4 9.4-24.6 9.4-33.9 0l-136-136c-9.5-9.4-9.5-24.6-.1-34z"
        transform=""
      />
    </svg>
  </Button>
  <t
    allowSameDay={false}
    customInput={
      <ForwardRef
        datePickerRef={
          Object {
            "current": null,
          }
        }
        goToCurrentWeek={[Function]}
      />
    }
    dateFormat="MM/dd/yyyy"
    dateFormatCalendar="LLLL yyyy"
    disabled={false}
    disabledKeyboardNavigation={false}
    dropdownMode="scroll"
    endDate={2019-07-06T23:59:59.999Z}
    inlineFocusSelectedMonth={false}
    monthsShown={1}
    nextMonthButtonLabel="Next Month"
    nextYearButtonLabel="Next Year"
    onBlur={[Function]}
    onCalendarClose={[Function]}
    onCalendarOpen={[Function]}
    onChange={[Function]}
    onClickOutside={[Function]}
    onFocus={[Function]}
    onInputClick={[Function]}
    onInputError={[Function]}
    onKeyDown={[Function]}
    onMonthChange={[Function]}
    onSelect={[Function]}
    onYearChange={[Function]}
    preventOpenOnFocus={false}
    previousMonthButtonLabel="Previous Month"
    previousYearButtonLabel="Previous Year"
    readOnly={false}
    renderDayContents={[Function]}
    required={true}
    selected={2019-06-30T00:00:00.000Z}
    shouldCloseOnSelect={true}
    showMonthYearPicker={false}
    showPopperArrow={true}
    showPreviousMonths={false}
    showQuarterYearPicker={false}
    showTimeInput={false}
    showTimeSelect={false}
    startDate={2019-06-30T00:00:00.000Z}
    strictParsing={false}
    timeCaption="Time"
    timeInputLabel="Time"
    timeIntervals={30}
    withPortal={false}
  />
  <Button
    aria-label="Next Week"
    onClick={[Function]}
    variant="plain"
  >
    <svg
      aria-hidden="true"
      fill="currentColor"
      height="1em"
      role="img"
      style={
        Object {
          "verticalAlign": "-0.125em",
        }
      }
      viewBox="0 0 256 512"
      width="1em"
    >
      <path
        d="M224.3 273l-136 136c-9.4 9.4-24.6 9.4-33.9 0l-22.6-22.6c-9.4-9.4-9.4-24.6 0-33.9l96.4-96.4-96.4-96.4c-9.4-9.4-9.4-24.6 0-33.9L54.3 103c9.4-9.4 24.6-9.4 33.9 0l136 136c9.5 9.4 9.5 24.6.1 34z"
        transform=""
      />
    </svg>
  </Button>
</div>
`;

exports[`WeekPicker custom input component custom input should render correctly 1`] = `
<div
  className="pf-c-form-control"
  style={
    Object {
      "alignItems": "center",
      "display": "grid",
      "gridTemplateColumns": "1fr auto auto",
      "height": "auto",
    }
  }
>
  <Text
    onClick={[Function]}
  >
    06/30/2019 - 07/06/2019
  </Text>
  <Button
    onClick={[Function]}
    style={
      Object {
        "color": "black",
      }
    }
    variant="link"
  >
    <HistoryIcon
      color="currentColor"
      noVerticalAlign={false}
      size="sm"
    />
  </Button>
  <Button
    onClick={[Function]}
    style={
      Object {
        "color": "black",
      }
    }
    variant="link"
  >
    <CalendarIcon
      color="currentColor"
      noVerticalAlign={false}
      size="sm"
    />
  </Button>
</div>
`;
